exports[`Setup display component rendering Renders as expected (compared to a snapshot) when passed properties 1`] = `
<div
  className="Setup-panel">
  <span
    className="subHead">
    Spdz Proxy Servers
  </span>
  <button
    onClick={[Function]}>
    Setup for SPDZ
  </button>
  <div
    className="ProxyStatus-row">
    <div
      className="ProxyStatus-col1 ProxyStatus-marker-disconnected" />
    <div
      className="ProxyStatus-col2 smallText">
      http://spdzProxy.one:4000
    </div>
  </div>
  <div
    className="ProxyStatus-row">
    <div
      className="ProxyStatus-col1 ProxyStatus-marker-connected" />
    <div
      className="ProxyStatus-col2 smallText">
      http://spdzProxy.two:4000
    </div>
  </div>
</div>
`;
