exports[`Bankers GUI display component rendering Renders as expected (compared to a snapshot). 1`] = `
<div
  className="BankersGUI-main">
  <div
    className="BankersGUI-container">
    <div
      className="Bankers">
      <form
        className="BankersForm"
        onSubmit={[Function]}>
        <h4>
          Bankers Celebration Dinner
        </h4>
        <p>
          ...but who should pay?
        </p>
        <label
          htmlFor="joinName">
          Join meal as
        </label>
        <input
          disabled=""
          id="joinName"
          onChange={[Function]}
          type="text"
          value="" />
        <label
          htmlFor="bonusValue">
          Bonus
        </label>
        <input
          disabled=""
          id="bonusValue"
          onChange={[Function]}
          type="text"
          value="" />
        <input
          disabled=""
          type="submit"
          value="Send" />
        <p
          className="smallText">
          
        </p>
      </form>
      <div
        className="BankersTable">
        <div
          className="place"
          style={
            Object {
              "transform": "translate(0rem, -8.2rem) rotate(180deg)",
            }
          }>
          <div
            className="place-setting">
            <div
              style={
                Object {
                  "transform": "rotate(-180deg)",
                }
              }>
              
            </div>
          </div>
        </div>
        <div
          className="place"
          style={
            Object {
              "transform": "translate(5.8rem, -5.8rem) rotate(225deg)",
            }
          }>
          <div
            className="place-setting">
            <div
              style={
                Object {
                  "transform": "rotate(-225deg)",
                }
              }>
              
            </div>
          </div>
        </div>
        <div
          className="place"
          style={
            Object {
              "transform": "translate(8.2rem, 0rem) rotate(270deg)",
            }
          }>
          <div
            className="place-setting">
            <div
              style={
                Object {
                  "transform": "rotate(-270deg)",
                }
              }>
              
            </div>
          </div>
        </div>
        <div
          className="place"
          style={
            Object {
              "transform": "translate(5.8rem, 5.8rem) rotate(315deg)",
            }
          }>
          <div
            className="place-setting">
            <div
              style={
                Object {
                  "transform": "rotate(-315deg)",
                }
              }>
              
            </div>
          </div>
        </div>
        <div
          className="place"
          style={
            Object {
              "transform": "translate(0rem, 8.2rem) rotate(0deg)",
            }
          }>
          <div
            className="place-setting">
            <div
              style={
                Object {
                  "transform": "rotate(-0deg)",
                }
              }>
              
            </div>
          </div>
        </div>
        <div
          className="place"
          style={
            Object {
              "transform": "translate(-5.8rem, 5.8rem) rotate(45deg)",
            }
          }>
          <div
            className="place-setting">
            <div
              style={
                Object {
                  "transform": "rotate(-45deg)",
                }
              }>
              
            </div>
          </div>
        </div>
        <div
          className="place"
          style={
            Object {
              "transform": "translate(-8.2rem, 0rem) rotate(90deg)",
            }
          }>
          <div
            className="place-setting">
            <div
              style={
                Object {
                  "transform": "rotate(-90deg)",
                }
              }>
              
            </div>
          </div>
        </div>
        <div
          className="place"
          style={
            Object {
              "transform": "translate(-5.8rem, -5.8rem) rotate(135deg)",
            }
          }>
          <div
            className="place-setting">
            <div
              style={
                Object {
                  "transform": "rotate(-135deg)",
                }
              }>
              
            </div>
          </div>
        </div>
      </div>
      <div
        className="s-alert-wrapper" />
    </div>
  </div>
  <div
    className="BankersGUI-connection">
    <div
      style={
        Object {
          "border": "1px solid darkgrey",
          "margin": "0 auto",
          "padding": "0px 10px 5px 10px",
          "textAlign": "left",
        }
      }>
      <p
        style={
          Object {
            "color": "rgb(28, 118, 152)",
            "marginRight": "10px",
          }
        }>
        Spdz Proxy Servers
      </p>
      <div
        style={
          Object {
            "display": "flex",
            "flexFlow": "row wrap",
            "margin": "0px 0px 10px 0px",
          }
        }>
        <div
          style={
            Object {
              "backgroundColor": "lightgrey",
              "border": "1px solid black",
              "borderRadius": "50%",
              "width": "16px",
            }
          } />
        <div
          style={
            Object {
              "fontSize": "12px",
              "paddingLeft": "10px",
            }
          }>
          http://spdzProxy.one:4000
        </div>
      </div>
      <div
        style={
          Object {
            "display": "flex",
            "flexFlow": "row wrap",
            "margin": "0px 0px 10px 0px",
          }
        }>
        <div
          style={
            Object {
              "backgroundColor": "lightgrey",
              "border": "1px solid black",
              "borderRadius": "50%",
              "width": "16px",
            }
          } />
        <div
          style={
            Object {
              "fontSize": "12px",
              "paddingLeft": "10px",
            }
          }>
          http://spdzProxy.two:4000
        </div>
      </div>
    </div>
  </div>
</div>
`;
